// Jest Snapshot v1, https://goo.gl/fbAQLP

exports[`renders ./components/stepper/demo/basic.md correctly 1`] = `
<div
  class="am-list"
>
  <div
    class="am-list-header"
  >
    演示
  </div>
  <div
    class="am-list-body"
  >
    <div
      class="am-list-item am-list-item-middle"
    >
      <div
        class="am-list-line am-list-line-wrap"
      >
        <div
          class="am-list-content"
        >
          显示数值(默认使用 TouchEvent, for Mobile)
        </div>
        <div
          class="am-list-extra"
        >
          <div
            class="am-stepper showNumber"
            style="width:100%;min-width:2rem;"
          >
            <div
              class="am-stepper-handler-wrap"
            >
              <span
                aria-disabled="false"
                aria-label="Increase Value"
                class="am-stepper-handler am-stepper-handler-up "
                role="button"
                unselectable="unselectable"
              >
                <svg
                  class="am-icon am-icon-[object Object] am-icon-xxs"
                >
                  <use
                    xlink:href="#[object Object]"
                  />
                </svg>
              </span>
              <span
                aria-disabled="false"
                aria-label="Decrease Value"
                class="am-stepper-handler am-stepper-handler-down "
                role="button"
                unselectable="unselectable"
              >
                <svg
                  class="am-icon am-icon-[object Object] am-icon-xxs"
                >
                  <use
                    xlink:href="#[object Object]"
                  />
                </svg>
              </span>
            </div>
            <div
              aria-valuemax="10"
              aria-valuemin="1"
              aria-valuenow="3"
              class="am-stepper-input-wrap"
              role="spinbutton"
            >
              <input
                autocomplete="off"
                class="am-stepper-input"
                max="10"
                min="1"
                value="3"
              />
            </div>
          </div>
        </div>
      </div>
      <div
        class="am-list-ripple"
        style="display:none;"
      />
    </div>
    <div
      class="am-list-item am-list-item-middle"
    >
      <div
        class="am-list-line am-list-line-wrap"
      >
        <div
          class="am-list-content"
        >
          显示数值(使用 MouseEvent, for PC)
        </div>
        <div
          class="am-list-extra"
        >
          <div
            class="am-stepper showNumber"
            style="width:100%;min-width:2rem;"
          >
            <div
              class="am-stepper-handler-wrap"
            >
              <span
                aria-disabled="false"
                aria-label="Increase Value"
                class="am-stepper-handler am-stepper-handler-up "
                role="button"
                unselectable="unselectable"
              >
                <svg
                  class="am-icon am-icon-[object Object] am-icon-xxs"
                >
                  <use
                    xlink:href="#[object Object]"
                  />
                </svg>
              </span>
              <span
                aria-disabled="false"
                aria-label="Decrease Value"
                class="am-stepper-handler am-stepper-handler-down "
                role="button"
                unselectable="unselectable"
              >
                <svg
                  class="am-icon am-icon-[object Object] am-icon-xxs"
                >
                  <use
                    xlink:href="#[object Object]"
                  />
                </svg>
              </span>
            </div>
            <div
              aria-valuemax="10"
              aria-valuemin="1"
              aria-valuenow="2"
              class="am-stepper-input-wrap"
              role="spinbutton"
            >
              <input
                autocomplete="off"
                class="am-stepper-input"
                max="10"
                min="1"
                value="2"
              />
            </div>
          </div>
        </div>
      </div>
      <div
        class="am-list-ripple"
        style="display:none;"
      />
    </div>
    <div
      class="am-list-item am-list-item-middle"
    >
      <div
        class="am-list-line"
      >
        <div
          class="am-list-content"
        >
          禁用
        </div>
        <div
          class="am-list-extra"
        >
          <div
            class="am-stepper showNumber am-stepper-disabled"
            style="width:100%;min-width:2rem;"
          >
            <div
              class="am-stepper-handler-wrap"
            >
              <span
                aria-disabled="true"
                aria-label="Increase Value"
                class="am-stepper-handler am-stepper-handler-up "
                role="button"
                unselectable="unselectable"
              >
                <svg
                  class="am-icon am-icon-[object Object] am-icon-xxs"
                >
                  <use
                    xlink:href="#[object Object]"
                  />
                </svg>
              </span>
              <span
                aria-disabled="true"
                aria-label="Decrease Value"
                class="am-stepper-handler am-stepper-handler-down "
                role="button"
                unselectable="unselectable"
              >
                <svg
                  class="am-icon am-icon-[object Object] am-icon-xxs"
                >
                  <use
                    xlink:href="#[object Object]"
                  />
                </svg>
              </span>
            </div>
            <div
              aria-valuemax="10"
              aria-valuemin="1"
              aria-valuenow="3"
              class="am-stepper-input-wrap"
              role="spinbutton"
            >
              <input
                autocomplete="off"
                class="am-stepper-input"
                disabled=""
                max="10"
                min="1"
                value="3"
              />
            </div>
          </div>
        </div>
      </div>
      <div
        class="am-list-ripple"
        style="display:none;"
      />
    </div>
  </div>
</div>
`;
