// Jest Snapshot v1, https://goo.gl/fbAQLP

exports[`renders ./components/grid/demo/basic.md correctly 1`] = `
<div>
  <div
    class="sub-title"
  >
    基本使用
  </div>
  <div
    class="am-grid am-grid-line"
  >
    <div
      class="am-flexbox am-flexbox-justify-center am-flexbox-align-stretch"
    >
      <div
        class="am-flexbox-item am-grid-item"
        style="width:25%;"
      >
        <div
          class="am-grid-item-content"
        >
          <div
            class="am-grid-item-inner-content column-num-4"
          >
            <img
              class="am-grid-icon"
              src="https://os.alipayobjects.com/rmsportal/IptWdCkrtkAUfjE.png"
            />
            <div
              class="am-grid-text"
            >
              名字0
            </div>
          </div>
        </div>
      </div>
      <div
        class="am-flexbox-item am-grid-item"
        style="width:25%;"
      >
        <div
          class="am-grid-item-content"
        >
          <div
            class="am-grid-item-inner-content column-num-4"
          >
            <img
              class="am-grid-icon"
              src="https://os.alipayobjects.com/rmsportal/IptWdCkrtkAUfjE.png"
            />
            <div
              class="am-grid-text"
            >
              名字1
            </div>
          </div>
        </div>
      </div>
      <div
        class="am-flexbox-item am-grid-item"
        style="width:25%;"
      >
        <div
          class="am-grid-item-content"
        >
          <div
            class="am-grid-item-inner-content column-num-4"
          >
            <img
              class="am-grid-icon"
              src="https://os.alipayobjects.com/rmsportal/IptWdCkrtkAUfjE.png"
            />
            <div
              class="am-grid-text"
            >
              名字2
            </div>
          </div>
        </div>
      </div>
      <div
        class="am-flexbox-item am-grid-item"
        style="width:25%;"
      >
        <div
          class="am-grid-item-content"
        >
          <div
            class="am-grid-item-inner-content column-num-4"
          >
            <img
              class="am-grid-icon"
              src="https://os.alipayobjects.com/rmsportal/IptWdCkrtkAUfjE.png"
            />
            <div
              class="am-grid-text"
            >
              名字3
            </div>
          </div>
        </div>
      </div>
    </div>
    <div
      class="am-flexbox am-flexbox-justify-center am-flexbox-align-stretch"
    >
      <div
        class="am-flexbox-item am-grid-item"
        style="width:25%;"
      >
        <div
          class="am-grid-item-content"
        >
          <div
            class="am-grid-item-inner-content column-num-4"
          >
            <img
              class="am-grid-icon"
              src="https://os.alipayobjects.com/rmsportal/IptWdCkrtkAUfjE.png"
            />
            <div
              class="am-grid-text"
            >
              名字4
            </div>
          </div>
        </div>
      </div>
      <div
        class="am-flexbox-item am-grid-item"
        style="width:25%;"
      >
        <div
          class="am-grid-item-content"
        >
          <div
            class="am-grid-item-inner-content column-num-4"
          >
            <img
              class="am-grid-icon"
              src="https://os.alipayobjects.com/rmsportal/IptWdCkrtkAUfjE.png"
            />
            <div
              class="am-grid-text"
            >
              名字5
            </div>
          </div>
        </div>
      </div>
      <div
        class="am-flexbox-item am-grid-item"
        style="width:25%;"
      >
        <div
          class="am-grid-item-content"
        >
          <div
            class="am-grid-item-inner-content column-num-4"
          >
            <img
              class="am-grid-icon"
              src="https://os.alipayobjects.com/rmsportal/IptWdCkrtkAUfjE.png"
            />
            <div
              class="am-grid-text"
            >
              名字6
            </div>
          </div>
        </div>
      </div>
      <div
        class="am-flexbox-item am-grid-item"
        style="width:25%;"
      >
        <div
          class="am-grid-item-content"
        >
          <div
            class="am-grid-item-inner-content column-num-4"
          >
            <img
              class="am-grid-icon"
              src="https://os.alipayobjects.com/rmsportal/IptWdCkrtkAUfjE.png"
            />
            <div
              class="am-grid-text"
            >
              名字7
            </div>
          </div>
        </div>
      </div>
    </div>
    <div
      class="am-flexbox am-flexbox-justify-center am-flexbox-align-stretch"
    >
      <div
        class="am-flexbox-item am-grid-item"
        style="width:25%;"
      >
        <div
          class="am-grid-item-content"
        >
          <div
            class="am-grid-item-inner-content column-num-4"
          >
            <img
              class="am-grid-icon"
              src="https://os.alipayobjects.com/rmsportal/IptWdCkrtkAUfjE.png"
            />
            <div
              class="am-grid-text"
            >
              名字8
            </div>
          </div>
        </div>
      </div>
      <div
        class="am-flexbox-item"
        style="width:25%;"
      />
      <div
        class="am-flexbox-item"
        style="width:25%;"
      />
      <div
        class="am-flexbox-item"
        style="width:25%;"
      />
    </div>
  </div>
  <div
    class="sub-title"
  >
    无边线
  </div>
  <div
    class="am-grid"
  >
    <div
      class="am-flexbox am-flexbox-justify-center am-flexbox-align-stretch"
    >
      <div
        class="am-flexbox-item am-grid-item"
        style="width:33.333333333333336%;"
      >
        <div
          class="am-grid-item-content"
        >
          <div
            class="am-grid-item-inner-content column-num-3"
          >
            <img
              class="am-grid-icon"
              src="https://os.alipayobjects.com/rmsportal/IptWdCkrtkAUfjE.png"
            />
            <div
              class="am-grid-text"
            >
              名字0
            </div>
          </div>
        </div>
      </div>
      <div
        class="am-flexbox-item am-grid-item"
        style="width:33.333333333333336%;"
      >
        <div
          class="am-grid-item-content"
        >
          <div
            class="am-grid-item-inner-content column-num-3"
          >
            <img
              class="am-grid-icon"
              src="https://os.alipayobjects.com/rmsportal/IptWdCkrtkAUfjE.png"
            />
            <div
              class="am-grid-text"
            >
              名字1
            </div>
          </div>
        </div>
      </div>
      <div
        class="am-flexbox-item am-grid-item"
        style="width:33.333333333333336%;"
      >
        <div
          class="am-grid-item-content"
        >
          <div
            class="am-grid-item-inner-content column-num-3"
          >
            <img
              class="am-grid-icon"
              src="https://os.alipayobjects.com/rmsportal/IptWdCkrtkAUfjE.png"
            />
            <div
              class="am-grid-text"
            >
              名字2
            </div>
          </div>
        </div>
      </div>
    </div>
    <div
      class="am-flexbox am-flexbox-justify-center am-flexbox-align-stretch"
    >
      <div
        class="am-flexbox-item am-grid-item"
        style="width:33.333333333333336%;"
      >
        <div
          class="am-grid-item-content"
        >
          <div
            class="am-grid-item-inner-content column-num-3"
          >
            <img
              class="am-grid-icon"
              src="https://os.alipayobjects.com/rmsportal/IptWdCkrtkAUfjE.png"
            />
            <div
              class="am-grid-text"
            >
              名字3
            </div>
          </div>
        </div>
      </div>
      <div
        class="am-flexbox-item am-grid-item"
        style="width:33.333333333333336%;"
      >
        <div
          class="am-grid-item-content"
        >
          <div
            class="am-grid-item-inner-content column-num-3"
          >
            <img
              class="am-grid-icon"
              src="https://os.alipayobjects.com/rmsportal/IptWdCkrtkAUfjE.png"
            />
            <div
              class="am-grid-text"
            >
              名字4
            </div>
          </div>
        </div>
      </div>
      <div
        class="am-flexbox-item am-grid-item"
        style="width:33.333333333333336%;"
      >
        <div
          class="am-grid-item-content"
        >
          <div
            class="am-grid-item-inner-content column-num-3"
          >
            <img
              class="am-grid-icon"
              src="https://os.alipayobjects.com/rmsportal/IptWdCkrtkAUfjE.png"
            />
            <div
              class="am-grid-text"
            >
              名字5
            </div>
          </div>
        </div>
      </div>
    </div>
    <div
      class="am-flexbox am-flexbox-justify-center am-flexbox-align-stretch"
    >
      <div
        class="am-flexbox-item am-grid-item"
        style="width:33.333333333333336%;"
      >
        <div
          class="am-grid-item-content"
        >
          <div
            class="am-grid-item-inner-content column-num-3"
          >
            <img
              class="am-grid-icon"
              src="https://os.alipayobjects.com/rmsportal/IptWdCkrtkAUfjE.png"
            />
            <div
              class="am-grid-text"
            >
              名字6
            </div>
          </div>
        </div>
      </div>
      <div
        class="am-flexbox-item am-grid-item"
        style="width:33.333333333333336%;"
      >
        <div
          class="am-grid-item-content"
        >
          <div
            class="am-grid-item-inner-content column-num-3"
          >
            <img
              class="am-grid-icon"
              src="https://os.alipayobjects.com/rmsportal/IptWdCkrtkAUfjE.png"
            />
            <div
              class="am-grid-text"
            >
              名字7
            </div>
          </div>
        </div>
      </div>
      <div
        class="am-flexbox-item am-grid-item"
        style="width:33.333333333333336%;"
      >
        <div
          class="am-grid-item-content"
        >
          <div
            class="am-grid-item-inner-content column-num-3"
          >
            <img
              class="am-grid-icon"
              src="https://os.alipayobjects.com/rmsportal/IptWdCkrtkAUfjE.png"
            />
            <div
              class="am-grid-text"
            >
              名字8
            </div>
          </div>
        </div>
      </div>
    </div>
  </div>
  <div
    class="sub-title"
  >
    走马灯
  </div>
  <div
    class="am-grid am-grid-line"
  />
  <div
    class="sub-title"
  >
    自定义格子内容
  </div>
  <div
    class="am-grid"
  >
    <div
      class="am-flexbox am-flexbox-justify-center am-flexbox-align-stretch"
    >
      <div
        class="am-flexbox-item am-grid-item"
        style="width:33.333333333333336%;"
      >
        <div
          class="am-grid-item-content"
        >
          <div
            style="margin:0.16rem;background:#f7f7f7;text-align:center;"
          >
            <div
              style="background:rgba(0, 0, 0, 0.1);padding:0.08rem;"
            >
              <span>
                1.名字0
              </span>
            </div>
            <img
              src="https://zos.alipayobjects.com/rmsportal/wIjMDnsrDoPPcIV.png"
              style="width:80%;margin:0.12rem;"
            />
          </div>
        </div>
      </div>
      <div
        class="am-flexbox-item am-grid-item"
        style="width:33.333333333333336%;"
      >
        <div
          class="am-grid-item-content"
        >
          <div
            style="margin:0.16rem;background:#f7f7f7;text-align:center;"
          >
            <div
              style="background:rgba(0, 0, 0, 0.1);padding:0.08rem;"
            >
              <span>
                2.名字1
              </span>
            </div>
            <img
              src="https://zos.alipayobjects.com/rmsportal/wIjMDnsrDoPPcIV.png"
              style="width:80%;margin:0.12rem;"
            />
          </div>
        </div>
      </div>
      <div
        class="am-flexbox-item am-grid-item"
        style="width:33.333333333333336%;"
      >
        <div
          class="am-grid-item-content"
        >
          <div
            style="margin:0.16rem;background:#f7f7f7;text-align:center;"
          >
            <div
              style="background:rgba(0, 0, 0, 0.1);padding:0.08rem;"
            >
              <span>
                3.名字2
              </span>
            </div>
            <img
              src="https://zos.alipayobjects.com/rmsportal/wIjMDnsrDoPPcIV.png"
              style="width:80%;margin:0.12rem;"
            />
          </div>
        </div>
      </div>
    </div>
    <div
      class="am-flexbox am-flexbox-justify-center am-flexbox-align-stretch"
    >
      <div
        class="am-flexbox-item am-grid-item"
        style="width:33.333333333333336%;"
      >
        <div
          class="am-grid-item-content"
        >
          <div
            style="margin:0.16rem;background:#f7f7f7;text-align:center;"
          >
            <div
              style="background:rgba(0, 0, 0, 0.1);padding:0.08rem;"
            >
              <span>
                4.名字3
              </span>
            </div>
            <img
              src="https://zos.alipayobjects.com/rmsportal/wIjMDnsrDoPPcIV.png"
              style="width:80%;margin:0.12rem;"
            />
          </div>
        </div>
      </div>
      <div
        class="am-flexbox-item am-grid-item"
        style="width:33.333333333333336%;"
      >
        <div
          class="am-grid-item-content"
        >
          <div
            style="margin:0.16rem;background:#f7f7f7;text-align:center;"
          >
            <div
              style="background:rgba(0, 0, 0, 0.1);padding:0.08rem;"
            >
              <span>
                5.名字4
              </span>
            </div>
            <img
              src="https://zos.alipayobjects.com/rmsportal/wIjMDnsrDoPPcIV.png"
              style="width:80%;margin:0.12rem;"
            />
          </div>
        </div>
      </div>
      <div
        class="am-flexbox-item"
        style="width:33.333333333333336%;"
      />
    </div>
  </div>
</div>
`;
