// Jest Snapshot v1, https://goo.gl/fbAQLP

exports[`renders ./components/switch/demo/basic.md correctly 1`] = `
<div
  class="am-list"
>
  <div
    class="am-list-header"
  >
    Form switch
  </div>
  <div
    class="am-list-body"
  >
    <div
      class="am-list-item am-list-item-middle"
    >
      <div
        class="am-list-line"
      >
        <div
          class="am-list-content"
        >
          on
        </div>
        <div
          class="am-list-extra"
        >
          <label
            class="am-switch"
          >
            <input
              checked=""
              class="am-switch-checkbox"
              name=""
              type="checkbox"
              value="on"
            />
            <div
              class="checkbox"
            />
          </label>
        </div>
      </div>
      <div
        class="am-list-ripple"
        style="display:none"
      />
    </div>
    <div
      class="am-list-item am-list-item-middle"
    >
      <div
        class="am-list-line"
      >
        <div
          class="am-list-content"
        >
          off
        </div>
        <div
          class="am-list-extra"
        >
          <label
            class="am-switch"
          >
            <input
              class="am-switch-checkbox"
              name=""
              type="checkbox"
              value="off"
            />
            <div
              class="checkbox"
            />
          </label>
        </div>
      </div>
      <div
        class="am-list-ripple"
        style="display:none"
      />
    </div>
    <div
      class="am-list-item am-list-item-middle"
    >
      <div
        class="am-list-line"
      >
        <div
          class="am-list-content"
        >
          disabled off
        </div>
        <div
          class="am-list-extra"
        >
          <label
            class="am-switch"
          >
            <input
              class="am-switch-checkbox"
              disabled=""
              name=""
              type="checkbox"
              value="off"
            />
            <div
              class="checkbox checkbox-disabled"
            />
          </label>
        </div>
      </div>
      <div
        class="am-list-ripple"
        style="display:none"
      />
    </div>
    <div
      class="am-list-item am-list-item-middle"
    >
      <div
        class="am-list-line"
      >
        <div
          class="am-list-content"
        >
          disabled on
        </div>
        <div
          class="am-list-extra"
        >
          <label
            class="am-switch"
          >
            <input
              checked=""
              class="am-switch-checkbox"
              disabled=""
              name=""
              type="checkbox"
              value="on"
            />
            <div
              class="checkbox checkbox-disabled"
            />
          </label>
        </div>
      </div>
      <div
        class="am-list-ripple"
        style="display:none"
      />
    </div>
    <div
      class="am-list-item am-list-item-middle"
    >
      <div
        class="am-list-line"
      >
        <div
          class="am-list-content"
        >
          style for Android
        </div>
        <div
          class="am-list-extra"
        >
          <label
            class="am-switch am-switch-android"
          >
            <input
              checked=""
              class="am-switch-checkbox"
              name=""
              type="checkbox"
              value="on"
            />
            <div
              class="checkbox"
            />
          </label>
        </div>
      </div>
      <div
        class="am-list-ripple"
        style="display:none"
      />
    </div>
    <div
      class="am-list-item am-list-item-middle"
    >
      <div
        class="am-list-line"
      >
        <div
          class="am-list-content"
        >
          color for Android
        </div>
        <div
          class="am-list-extra"
        >
          <label
            class="am-switch am-switch-android"
          >
            <input
              checked=""
              class="am-switch-checkbox"
              name=""
              type="checkbox"
              value="on"
            />
            <div
              class="checkbox"
              style="background-color:red"
            />
          </label>
        </div>
      </div>
      <div
        class="am-list-ripple"
        style="display:none"
      />
    </div>
    <div
      class="am-list-item am-list-item-middle"
    >
      <div
        class="am-list-line"
      >
        <div
          class="am-list-content"
        >
          style for iOS
        </div>
        <div
          class="am-list-extra"
        >
          <label
            class="am-switch"
          >
            <input
              checked=""
              class="am-switch-checkbox"
              name=""
              type="checkbox"
              value="on"
            />
            <div
              class="checkbox"
            />
          </label>
        </div>
      </div>
      <div
        class="am-list-ripple"
        style="display:none"
      />
    </div>
    <div
      class="am-list-item am-list-item-middle"
    >
      <div
        class="am-list-line"
      >
        <div
          class="am-list-content"
        >
          color for iOS
        </div>
        <div
          class="am-list-extra"
        >
          <label
            class="am-switch"
          >
            <input
              checked=""
              class="am-switch-checkbox"
              name=""
              type="checkbox"
              value="on"
            />
            <div
              class="checkbox"
              style="background-color:red"
            />
          </label>
        </div>
      </div>
      <div
        class="am-list-ripple"
        style="display:none"
      />
    </div>
  </div>
</div>
`;
